// Vitest Snapshot v1, https://vitest.dev/guide/snapshot.html

exports[`App component > renders snapshot 1`] = `
<div>
  <h1>
    THE ONLINE SHOP
  </h1>
</div>
`;
